/asap3/petra3/gpfs/p11/2021/data/11010577/processed/reprocess/autoproc/puck10_pos10/puck10_pos10_001/CORRECT.LP
/asap3/petra3/gpfs/p11/2021/data/11010577/processed/reprocess/autoproc/puck10_pos10/puck10_pos10_002/CORRECT.LP
/asap3/petra3/gpfs/p11/2021/data/11010577/processed/reprocess/autoproc/puck10_pos11/puck10_pos11_001/CORRECT.LP
/asap3/petra3/gpfs/p11/2021/data/11010577/processed/reprocess/autoproc/puck10_pos11/puck10_pos11_002/CORRECT.LP
/asap3/petra3/gpfs/p11/2021/data/11010577/processed/reprocess/autoproc/puck10_pos12/puck10_pos12_001/CORRECT.LP
/asap3/petra3/gpfs/p11/2021/data/11010577/processed/reprocess/autoproc/puck10_pos12/puck10_pos12_002/CORRECT.LP
/asap3/petra3/gpfs/p11/2021/data/11010577/processed/reprocess/autoproc/puck10_pos13/puck10_pos13_001/CORRECT.LP
/asap3/petra3/gpfs/p11/2021/data/11010577/processed/reprocess/autoproc/puck10_pos14/puck10_pos14_001/CORRECT.LP
/asap3/petra3/gpfs/p11/2021/data/11010577/processed/reprocess/autoproc/puck10_pos14/puck10_pos14_002/CORRECT.LP
/asap3/petra3/gpfs/p11/2021/data/11010577/processed/reprocess/autoproc/puck10_pos15/puck10_pos15_002/CORRECT.LP
/asap3/petra3/gpfs/p11/2021/data/11010577/processed/reprocess/autoproc/puck10_pos16/puck10_pos16_001/CORRECT.LP
/asap3/petra3/gpfs/p11/2021/data/11010577/processed/reprocess/autoproc/puck10_pos16/puck10_pos16_002/CORRECT.LP
/asap3/petra3/gpfs/p11/2021/data/11010577/processed/reprocess/autoproc/puck10_pos16/puck10_pos16_003/CORRECT.LP
/asap3/petra3/gpfs/p11/2021/data/11010577/processed/reprocess/autoproc/puck10_pos1/puck10_pos1_002/CORRECT.LP
/asap3/petra3/gpfs/p11/2021/data/11010577/processed/reprocess/autoproc/puck10_pos2/puck10_pos2_001/CORRECT.LP
/asap3/petra3/gpfs/p11/2021/data/11010577/processed/reprocess/autoproc/puck10_pos2/puck10_pos2_002/CORRECT.LP
/asap3/petra3/gpfs/p11/2021/data/11010577/processed/reprocess/autoproc/puck10_pos3/puck10_pos3_001/CORRECT.LP
/asap3/petra3/gpfs/p11/2021/data/11010577/processed/reprocess/autoproc/puck10_pos3/puck10_pos3_002/CORRECT.LP
/asap3/petra3/gpfs/p11/2021/data/11010577/processed/reprocess/autoproc/puck10_pos4/puck10_pos4_001/CORRECT.LP
/asap3/petra3/gpfs/p11/2021/data/11010577/processed/reprocess/autoproc/puck10_pos4/puck10_pos4_002/CORRECT.LP
/asap3/petra3/gpfs/p11/2021/data/11010577/processed/reprocess/autoproc/puck10_pos5/puck10_pos5_001/CORRECT.LP
/asap3/petra3/gpfs/p11/2021/data/11010577/processed/reprocess/autoproc/puck10_pos5/puck10_pos5_002/CORRECT.LP
/asap3/petra3/gpfs/p11/2021/data/11010577/processed/reprocess/autoproc/puck10_pos6/puck10_pos6_001/CORRECT.LP
/asap3/petra3/gpfs/p11/2021/data/11010577/processed/reprocess/autoproc/puck10_pos6/puck10_pos6_002/CORRECT.LP
/asap3/petra3/gpfs/p11/2021/data/11010577/processed/reprocess/autoproc/puck10_pos7/puck10_pos7_001/CORRECT.LP
/asap3/petra3/gpfs/p11/2021/data/11010577/processed/reprocess/autoproc/puck10_pos7/puck10_pos7_002/CORRECT.LP
/asap3/petra3/gpfs/p11/2021/data/11010577/processed/reprocess/autoproc/puck10_pos8/puck10_pos8_001/CORRECT.LP
/asap3/petra3/gpfs/p11/2021/data/11010577/processed/reprocess/autoproc/puck10_pos8/puck10_pos8_002/CORRECT.LP
/asap3/petra3/gpfs/p11/2021/data/11010577/processed/reprocess/autoproc/puck13_pos09/puck13_pos09_001/CORRECT.LP
/asap3/petra3/gpfs/p11/2021/data/11010577/processed/reprocess/autoproc/puck13_pos10/puck13_pos10_001/CORRECT.LP
/asap3/petra3/gpfs/p11/2021/data/11010577/processed/reprocess/autoproc/puck13_pos10/puck13_pos10_002/CORRECT.LP
/asap3/petra3/gpfs/p11/2021/data/11010577/processed/reprocess/autoproc/puck13_pos10/puck13_pos10_003/CORRECT.LP
/asap3/petra3/gpfs/p11/2021/data/11010577/processed/reprocess/autoproc/puck13_pos11/puck13_pos11_001/CORRECT.LP
/asap3/petra3/gpfs/p11/2021/data/11010577/processed/reprocess/autoproc/puck13_pos13/puck13_pos13_001/CORRECT.LP
/asap3/petra3/gpfs/p11/2021/data/11010577/processed/reprocess/autoproc/puck13_pos13/puck13_pos13_002/CORRECT.LP
/asap3/petra3/gpfs/p11/2021/data/11010577/processed/reprocess/autoproc/puck13_pos13/puck13_pos13_003/CORRECT.LP
/asap3/petra3/gpfs/p11/2021/data/11010577/processed/reprocess/autoproc/puck13_pos1/puck13_pos1_001/CORRECT.LP
/asap3/petra3/gpfs/p11/2021/data/11010577/processed/reprocess/autoproc/puck13_pos1/puck13_pos1_002/CORRECT.LP
/asap3/petra3/gpfs/p11/2021/data/11010577/processed/reprocess/autoproc/puck13_pos2/puck13_pos2_001/CORRECT.LP
/asap3/petra3/gpfs/p11/2021/data/11010577/processed/reprocess/autoproc/puck13_pos2/puck13_pos2_002/CORRECT.LP
/asap3/petra3/gpfs/p11/2021/data/11010577/processed/reprocess/autoproc/puck13_pos3/puck13_pos3_001/CORRECT.LP
/asap3/petra3/gpfs/p11/2021/data/11010577/processed/reprocess/autoproc/puck13_pos4/puck13_pos4_001/CORRECT.LP
/asap3/petra3/gpfs/p11/2021/data/11010577/processed/reprocess/autoproc/puck13_pos5/puck13_pos5_001/CORRECT.LP
/asap3/petra3/gpfs/p11/2021/data/11010577/processed/reprocess/autoproc/puck13_pos5/puck13_pos5_002/CORRECT.LP
/asap3/petra3/gpfs/p11/2021/data/11010577/processed/reprocess/autoproc/puck13_pos6/puck13_pos6_001/CORRECT.LP
/asap3/petra3/gpfs/p11/2021/data/11010577/processed/reprocess/autoproc/puck13_pos7/puck13_pos7_001/CORRECT.LP
/asap3/petra3/gpfs/p11/2021/data/11010577/processed/reprocess/autoproc/puck13_pos7/puck13_pos7_002/CORRECT.LP
/asap3/petra3/gpfs/p11/2021/data/11010577/processed/reprocess/autoproc/puck13_pos8/puck13_pos8_001/CORRECT.LP
/asap3/petra3/gpfs/p11/2021/data/11010577/processed/reprocess/autoproc/puck13_pos8/puck13_pos8_002/CORRECT.LP
/asap3/petra3/gpfs/p11/2021/data/11010577/processed/reprocess/autoproc/puck13_pos9/puck13_pos9_001/CORRECT.LP
/asap3/petra3/gpfs/p11/2021/data/11010577/processed/reprocess/autoproc/puck13_pos9/puck13_pos9_002/CORRECT.LP
/asap3/petra3/gpfs/p11/2021/data/11010577/processed/reprocess/autoproc/puck14_pos10/puck14_pos10_001/CORRECT.LP
/asap3/petra3/gpfs/p11/2021/data/11010577/processed/reprocess/autoproc/puck14_pos10/puck14_pos10_002/CORRECT.LP
/asap3/petra3/gpfs/p11/2021/data/11010577/processed/reprocess/autoproc/puck14_pos11/puck14_pos11_001/CORRECT.LP
/asap3/petra3/gpfs/p11/2021/data/11010577/processed/reprocess/autoproc/puck14_pos12/puck14_pos12_001/CORRECT.LP
/asap3/petra3/gpfs/p11/2021/data/11010577/processed/reprocess/autoproc/puck14_pos13/puck14_pos13_001/CORRECT.LP
/asap3/petra3/gpfs/p11/2021/data/11010577/processed/reprocess/autoproc/puck14_pos14/puck14_pos14_001/CORRECT.LP
/asap3/petra3/gpfs/p11/2021/data/11010577/processed/reprocess/autoproc/puck14_pos15/puck14_pos15_001/CORRECT.LP
/asap3/petra3/gpfs/p11/2021/data/11010577/processed/reprocess/autoproc/puck14_pos16/puck14_pos16_001/CORRECT.LP
/asap3/petra3/gpfs/p11/2021/data/11010577/processed/reprocess/autoproc/puck14_pos16/puck14_pos16_002/CORRECT.LP
/asap3/petra3/gpfs/p11/2021/data/11010577/processed/reprocess/autoproc/puck14_pos1/puck14_pos1_001/CORRECT.LP
/asap3/petra3/gpfs/p11/2021/data/11010577/processed/reprocess/autoproc/puck14_pos2/puck14_pos2_001/CORRECT.LP
/asap3/petra3/gpfs/p11/2021/data/11010577/processed/reprocess/autoproc/puck14_pos3/puck14_pos3_001/CORRECT.LP
/asap3/petra3/gpfs/p11/2021/data/11010577/processed/reprocess/autoproc/puck14_pos4/puck14_pos4_001/CORRECT.LP
/asap3/petra3/gpfs/p11/2021/data/11010577/processed/reprocess/autoproc/puck14_pos6/puck14_pos6_001/CORRECT.LP
/asap3/petra3/gpfs/p11/2021/data/11010577/processed/reprocess/autoproc/puck14_pos6/puck14_pos6_002/CORRECT.LP
/asap3/petra3/gpfs/p11/2021/data/11010577/processed/reprocess/autoproc/puck14_pos7/puck14_pos7_001/CORRECT.LP
/asap3/petra3/gpfs/p11/2021/data/11010577/processed/reprocess/autoproc/puck14_pos7/puck14_pos7_002/CORRECT.LP
/asap3/petra3/gpfs/p11/2021/data/11010577/processed/reprocess/autoproc/puck14_pos8/puck14_pos8_001/CORRECT.LP
/asap3/petra3/gpfs/p11/2021/data/11010577/processed/reprocess/autoproc/puck14_pos8/puck14_pos8_002/CORRECT.LP
/asap3/petra3/gpfs/p11/2021/data/11010577/processed/reprocess/autoproc/puck14_pos9/puck14_pos9_001/CORRECT.LP
/asap3/petra3/gpfs/p11/2021/data/11010577/processed/reprocess/autoproc/puck14_pos9/puck14_pos9_002/CORRECT.LP
/asap3/petra3/gpfs/p11/2021/data/11010577/processed/reprocess/autoproc/puck15_pos01/puck15_pos01_001/CORRECT.LP
/asap3/petra3/gpfs/p11/2021/data/11010577/processed/reprocess/autoproc/puck15_pos2/puck15_pos2_001/CORRECT.LP
/asap3/petra3/gpfs/p11/2021/data/11010577/processed/reprocess/autoproc/puck15_pos2/puck15_pos2_002/CORRECT.LP
/asap3/petra3/gpfs/p11/2021/data/11010577/processed/reprocess/autoproc/puck18_pos10/puck18_pos10_001/CORRECT.LP
/asap3/petra3/gpfs/p11/2021/data/11010577/processed/reprocess/autoproc/puck18_pos11/puck18_pos11_001/CORRECT.LP
/asap3/petra3/gpfs/p11/2021/data/11010577/processed/reprocess/autoproc/puck18_pos12/puck18_pos12_001/CORRECT.LP
/asap3/petra3/gpfs/p11/2021/data/11010577/processed/reprocess/autoproc/puck18_pos12/puck18_pos12_002/CORRECT.LP
/asap3/petra3/gpfs/p11/2021/data/11010577/processed/reprocess/autoproc/puck18_pos13/puck18_pos13_001/CORRECT.LP
/asap3/petra3/gpfs/p11/2021/data/11010577/processed/reprocess/autoproc/puck18_pos14/puck18_pos14_006/CORRECT.LP
/asap3/petra3/gpfs/p11/2021/data/11010577/processed/reprocess/autoproc/puck18_pos1/puck18_pos1_001/CORRECT.LP
/asap3/petra3/gpfs/p11/2021/data/11010577/processed/reprocess/autoproc/puck18_pos3/puck18_pos3_001/CORRECT.LP
/asap3/petra3/gpfs/p11/2021/data/11010577/processed/reprocess/autoproc/puck18_pos4/puck18_pos4_001/CORRECT.LP
/asap3/petra3/gpfs/p11/2021/data/11010577/processed/reprocess/autoproc/puck18_pos5/puck18_pos5_001/CORRECT.LP
/asap3/petra3/gpfs/p11/2021/data/11010577/processed/reprocess/autoproc/puck18_pos6/puck18_pos6_001/CORRECT.LP
/asap3/petra3/gpfs/p11/2021/data/11010577/processed/reprocess/autoproc/puck18_pos7/puck18_pos7_001/CORRECT.LP
/asap3/petra3/gpfs/p11/2021/data/11010577/processed/reprocess/autoproc/puck18_pos8/puck18_pos8_001/CORRECT.LP
/asap3/petra3/gpfs/p11/2021/data/11010577/processed/reprocess/autoproc/puck18_pos9/puck18_pos9_001/CORRECT.LP
/asap3/petra3/gpfs/p11/2021/data/11010577/processed/reprocess/autoproc/puck19_pos10/puck19_pos10_001/CORRECT.LP
/asap3/petra3/gpfs/p11/2021/data/11010577/processed/reprocess/autoproc/puck19_pos10/puck19_pos10_002/CORRECT.LP
/asap3/petra3/gpfs/p11/2021/data/11010577/processed/reprocess/autoproc/puck19_pos11/puck19_pos11_001/CORRECT.LP
/asap3/petra3/gpfs/p11/2021/data/11010577/processed/reprocess/autoproc/puck19_pos12/puck19_pos12_001/CORRECT.LP
/asap3/petra3/gpfs/p11/2021/data/11010577/processed/reprocess/autoproc/puck19_pos12/puck19_pos12_002/CORRECT.LP
/asap3/petra3/gpfs/p11/2021/data/11010577/processed/reprocess/autoproc/puck19_pos14/puck19_pos14_001/CORRECT.LP
/asap3/petra3/gpfs/p11/2021/data/11010577/processed/reprocess/autoproc/puck19_pos14/puck19_pos14_002/CORRECT.LP
/asap3/petra3/gpfs/p11/2021/data/11010577/processed/reprocess/autoproc/puck19_pos1/puck19_pos1_001/CORRECT.LP
/asap3/petra3/gpfs/p11/2021/data/11010577/processed/reprocess/autoproc/puck19_pos2/puck19_pos2_001/CORRECT.LP
/asap3/petra3/gpfs/p11/2021/data/11010577/processed/reprocess/autoproc/puck19_pos2/puck19_pos2_002/CORRECT.LP
/asap3/petra3/gpfs/p11/2021/data/11010577/processed/reprocess/autoproc/puck19_pos4/puck19_pos4_001/CORRECT.LP
/asap3/petra3/gpfs/p11/2021/data/11010577/processed/reprocess/autoproc/puck19_pos5/puck19_pos5_001/CORRECT.LP
/asap3/petra3/gpfs/p11/2021/data/11010577/processed/reprocess/autoproc/puck19_pos6/puck19_pos6_001/CORRECT.LP
/asap3/petra3/gpfs/p11/2021/data/11010577/processed/reprocess/autoproc/puck19_pos7/puck19_pos7_001/CORRECT.LP
