97:lyso-chitotetraose-2s
98:lyso-chitotetraose-2s
100:lyso-chitotetraose-2s
101:lyso-chitotetraose-2s
102-109:SePBP3
110:ASCEF
111-113:ClpP
114:ClpP
115-117:SePBP3-20
118-120:ASNCO
121-122:lys_11_3-mixing-chitotetraose
123:lys_11_3-mixing-chitotetraose
124:lys_11_3-mixing-chitotetraose
125:lys_11_3-mixing-chitotetraose
126:lys_11_3-mixing-chitotetraose
127:lys_11_3-mixing-chitotetraose
128:lys_11_3-mixing-no-subtrate
129:lys_11_3-mixing-chitotetraose
130:lys_11_3-mixing-chitotetraose
131:lys_11_3-mixing-chitotetraose
132:lys_11_3-mixing-chitotetraose
133:lys_11_3-mixing-chitotetraose
134-136:lys_11_3-mixing-chitotetraose
137:lys_11_3-mixing-chitotetraose
138:lys_11_3-mixing-chitotetraose
139:lys_11_3-mixing-chitotetraose
140:lys_11_3-mixing-chitotetraose
141:lys_11_3-mixing-chitotetraose
142-143:lys_11_3-mixing-chitotetraose
144-146:Ftn1
148-154:Ftn
155:mpro
156-159:mpro
160:mpro-calepeptin
161-162:mpro-calepeptin
163:mpro
164-165:mpro
166-167:LsLPMO-pool-A
184:T-CER
185:T-CER
186:T-CER
187:T-CER
188:T-CER
189:T-CER
190:T-CER
191:T-CER
192:T-CER
193:T-CER
194:T-CER
195:T-CER
196:T-CER
197:T-CER
198:T-CER