2611_29-2611_41:/gpfs/cfel/cxi/scratch/data/2020/EXFEL-2019-Schmidt-Mar-p002450/scratch/galchenm/scripts_for_work/binningANDcompression/upt_programs/templates_for_P11_November/template-lyso.yaml
2611_42-2611_55:/gpfs/cfel/cxi/scratch/data/2020/EXFEL-2019-Schmidt-Mar-p002450/scratch/galchenm/scripts_for_work/binningANDcompression/upt_programs/templates_for_P11_November/template-ferritin.yaml
2711_56-2711_69:/gpfs/cfel/cxi/scratch/data/2020/EXFEL-2019-Schmidt-Mar-p002450/scratch/galchenm/scripts_for_work/binningANDcompression/upt_programs/templates_for_P11_November/template-lyso-on-the-fly.yaml
2711_70-2711_78:/gpfs/cfel/cxi/scratch/data/2020/EXFEL-2019-Schmidt-Mar-p002450/scratch/galchenm/scripts_for_work/binningANDcompression/upt_programs/templates_for_P11_November/template-MPro.yaml
2711_79-2711_85:/gpfs/cfel/cxi/scratch/data/2020/EXFEL-2019-Schmidt-Mar-p002450/scratch/galchenm/scripts_for_work/binningANDcompression/upt_programs/templates_for_P11_November/template-lacta.yaml
3011_90-3011_101:/gpfs/cfel/cxi/scratch/data/2020/EXFEL-2019-Schmidt-Mar-p002450/scratch/galchenm/scripts_for_work/binningANDcompression/upt_programs/templates_for_P11_November/template-MPro.yaml
3011_102-3011_107:/gpfs/cfel/cxi/scratch/data/2020/EXFEL-2019-Schmidt-Mar-p002450/scratch/galchenm/scripts_for_work/binningANDcompression/upt_programs/templates_for_P11_November/template-lyso.yaml
3011_108-3011_124:/gpfs/cfel/cxi/scratch/data/2020/EXFEL-2019-Schmidt-Mar-p002450/scratch/galchenm/scripts_for_work/binningANDcompression/upt_programs/templates_for_P11_November/template-lacta.yaml
0112_136-0112_142:/gpfs/cfel/cxi/scratch/data/2020/EXFEL-2019-Schmidt-Mar-p002450/scratch/galchenm/scripts_for_work/binningANDcompression/upt_programs/templates_for_P11_November/template-MPro.yaml
test_125-test_135:/gpfs/cfel/cxi/scratch/data/2020/EXFEL-2019-Schmidt-Mar-p002450/scratch/galchenm/scripts_for_work/binningANDcompression/upt_programs/templates_for_P11_November/template-MPro.yaml