/gpfs/cfel/group/cxi/scratch/data/2019/LCLS-2011-Boutet-Feb-L220/old_data_cxi_new/run0381-0.h5
/gpfs/cfel/group/cxi/scratch/data/2019/LCLS-2011-Boutet-Feb-L220/old_data_cxi_new/run0322-0.h5
/gpfs/cfel/group/cxi/scratch/data/2019/LCLS-2011-Boutet-Feb-L220/old_data_cxi_new/run0336-0.h5
/gpfs/cfel/group/cxi/scratch/data/2019/LCLS-2011-Boutet-Feb-L220/old_data_cxi_new/run0368-0.h5
/gpfs/cfel/group/cxi/scratch/data/2019/LCLS-2011-Boutet-Feb-L220/old_data_cxi_new/run0328-0.h5
/gpfs/cfel/group/cxi/scratch/data/2019/LCLS-2011-Boutet-Feb-L220/old_data_cxi_new/run0333-0.h5
/gpfs/cfel/group/cxi/scratch/data/2019/LCLS-2011-Boutet-Feb-L220/old_data_cxi_new/run0306-0.h5
/gpfs/cfel/group/cxi/scratch/data/2019/LCLS-2011-Boutet-Feb-L220/old_data_cxi_new/run0378-0.h5
/gpfs/cfel/group/cxi/scratch/data/2019/LCLS-2011-Boutet-Feb-L220/old_data_cxi_new/run0385-0.h5
/gpfs/cfel/group/cxi/scratch/data/2019/LCLS-2011-Boutet-Feb-L220/old_data_cxi_new/run0372-0.h5
/gpfs/cfel/group/cxi/scratch/data/2019/LCLS-2011-Boutet-Feb-L220/old_data_cxi_new/run0349-0.h5
/gpfs/cfel/group/cxi/scratch/data/2019/LCLS-2011-Boutet-Feb-L220/old_data_cxi_new/run0326-0.h5
/gpfs/cfel/group/cxi/scratch/data/2019/LCLS-2011-Boutet-Feb-L220/old_data_cxi_new/run0350-0.h5
/gpfs/cfel/group/cxi/scratch/data/2019/LCLS-2011-Boutet-Feb-L220/old_data_cxi_new/run0329-0.h5
/gpfs/cfel/group/cxi/scratch/data/2019/LCLS-2011-Boutet-Feb-L220/old_data_cxi_new/run0386-0.h5
/gpfs/cfel/group/cxi/scratch/data/2019/LCLS-2011-Boutet-Feb-L220/old_data_cxi_new/run0321-0.h5
/gpfs/cfel/group/cxi/scratch/data/2019/LCLS-2011-Boutet-Feb-L220/old_data_cxi_new/run0307-0.h5
/gpfs/cfel/group/cxi/scratch/data/2019/LCLS-2011-Boutet-Feb-L220/old_data_cxi_new/run0355-0.h5
/gpfs/cfel/group/cxi/scratch/data/2019/LCLS-2011-Boutet-Feb-L220/old_data_cxi_new/run0374-0.h5
/gpfs/cfel/group/cxi/scratch/data/2019/LCLS-2011-Boutet-Feb-L220/old_data_cxi_new/run0323-0.h5
/gpfs/cfel/group/cxi/scratch/data/2019/LCLS-2011-Boutet-Feb-L220/old_data_cxi_new/run0324-0.h5
/gpfs/cfel/group/cxi/scratch/data/2019/LCLS-2011-Boutet-Feb-L220/old_data_cxi_new/run0351-0.h5
/gpfs/cfel/group/cxi/scratch/data/2019/LCLS-2011-Boutet-Feb-L220/old_data_cxi_new/run0388-0.h5
/gpfs/cfel/group/cxi/scratch/data/2019/LCLS-2011-Boutet-Feb-L220/old_data_cxi_new/run0315-0.h5
/gpfs/cfel/group/cxi/scratch/data/2019/LCLS-2011-Boutet-Feb-L220/old_data_cxi_new/run0387-0.h5
/gpfs/cfel/group/cxi/scratch/data/2019/LCLS-2011-Boutet-Feb-L220/old_data_cxi_new/run0325-0.h5
/gpfs/cfel/group/cxi/scratch/data/2019/LCLS-2011-Boutet-Feb-L220/old_data_cxi_new/run0363-0.h5
/gpfs/cfel/group/cxi/scratch/data/2019/LCLS-2011-Boutet-Feb-L220/old_data_cxi_new/run0312-0.h5
/gpfs/cfel/group/cxi/scratch/data/2019/LCLS-2011-Boutet-Feb-L220/old_data_cxi_new/run0376-0.h5
/gpfs/cfel/group/cxi/scratch/data/2019/LCLS-2011-Boutet-Feb-L220/old_data_cxi_new/run0356-0.h5
/gpfs/cfel/group/cxi/scratch/data/2019/LCLS-2011-Boutet-Feb-L220/old_data_cxi_new/run0319-0.h5
/gpfs/cfel/group/cxi/scratch/data/2019/LCLS-2011-Boutet-Feb-L220/old_data_cxi_new/run0369-0.h5
/gpfs/cfel/group/cxi/scratch/data/2019/LCLS-2011-Boutet-Feb-L220/old_data_cxi_new/run0354-0.h5
/gpfs/cfel/group/cxi/scratch/data/2019/LCLS-2011-Boutet-Feb-L220/old_data_cxi_new/run0311-0.h5
/gpfs/cfel/group/cxi/scratch/data/2019/LCLS-2011-Boutet-Feb-L220/old_data_cxi_new/run0360-0.h5
/gpfs/cfel/group/cxi/scratch/data/2019/LCLS-2011-Boutet-Feb-L220/old_data_cxi_new/run0361-0.h5
/gpfs/cfel/group/cxi/scratch/data/2019/LCLS-2011-Boutet-Feb-L220/old_data_cxi_new/run0309-0.h5
/gpfs/cfel/group/cxi/scratch/data/2019/LCLS-2011-Boutet-Feb-L220/old_data_cxi_new/run0373-0.h5
/gpfs/cfel/group/cxi/scratch/data/2019/LCLS-2011-Boutet-Feb-L220/old_data_cxi_new/run0375-0.h5
/gpfs/cfel/group/cxi/scratch/data/2019/LCLS-2011-Boutet-Feb-L220/old_data_cxi_new/run0357-0.h5
/gpfs/cfel/group/cxi/scratch/data/2019/LCLS-2011-Boutet-Feb-L220/old_data_cxi_new/run0352-0.h5
/gpfs/cfel/group/cxi/scratch/data/2019/LCLS-2011-Boutet-Feb-L220/old_data_cxi_new/run0308-0.h5
/gpfs/cfel/group/cxi/scratch/data/2019/LCLS-2011-Boutet-Feb-L220/old_data_cxi_new/run0330-0.h5
/gpfs/cfel/group/cxi/scratch/data/2019/LCLS-2011-Boutet-Feb-L220/old_data_cxi_new/run0366-0.h5
/gpfs/cfel/group/cxi/scratch/data/2019/LCLS-2011-Boutet-Feb-L220/old_data_cxi_new/run0364-0.h5
/gpfs/cfel/group/cxi/scratch/data/2019/LCLS-2011-Boutet-Feb-L220/old_data_cxi_new/run0305-0.h5
/gpfs/cfel/group/cxi/scratch/data/2019/LCLS-2011-Boutet-Feb-L220/old_data_cxi_new/run0314-0.h5
/gpfs/cfel/group/cxi/scratch/data/2019/LCLS-2011-Boutet-Feb-L220/old_data_cxi_new/run0310-0.h5
/gpfs/cfel/group/cxi/scratch/data/2019/LCLS-2011-Boutet-Feb-L220/old_data_cxi_new/run0389-0.h5
/gpfs/cfel/group/cxi/scratch/data/2019/LCLS-2011-Boutet-Feb-L220/old_data_cxi_new/run0332-0.h5
/gpfs/cfel/group/cxi/scratch/data/2019/LCLS-2011-Boutet-Feb-L220/old_data_cxi_new/run0320-0.h5
/gpfs/cfel/group/cxi/scratch/data/2019/LCLS-2011-Boutet-Feb-L220/old_data_cxi_new/run0335-0.h5
/gpfs/cfel/group/cxi/scratch/data/2019/LCLS-2011-Boutet-Feb-L220/old_data_cxi_new/run0367-0.h5
/gpfs/cfel/group/cxi/scratch/data/2019/LCLS-2011-Boutet-Feb-L220/old_data_cxi_new/run0313-0.h5
/gpfs/cfel/group/cxi/scratch/data/2019/LCLS-2011-Boutet-Feb-L220/old_data_cxi_new/run0327-0.h5
/gpfs/cfel/group/cxi/scratch/data/2019/LCLS-2011-Boutet-Feb-L220/old_data_cxi_new/run0317-0.h5
/gpfs/cfel/group/cxi/scratch/data/2019/LCLS-2011-Boutet-Feb-L220/old_data_cxi_new/run0316-0.h5
